// Jest Snapshot v1, https://goo.gl/fbAQLP

exports[`GifGridItem should render correctly 1`] = `
<div
  className="card animate__animated animate__fadeIn"
>
  <img
    alt=""
    className="card__img"
    src=""
  />
  <p
    className="card__title"
  />
</div>
`;
